{
  "esquema": "AUT-7/estilo/1",
  "tarefa": "t_674c5976",
  "identidade": {
    "fonte_sha": "ffffffffffffffffffffffffffffffffffffffffffffffffffffffffffffffff",
    "dll_sha": "dddddddddddddddddddddddddddddddddddddddddddddddddddddddddddddddd",
    "suficiente": true,
    "erro": null
  },
  "mods": [
    "BetterFont",
    "BetterCombatText",
    "BetterStats",
    "RoguelikeDebugger"
  ],
  "total": 10,
  "contagem": {
    "OK": 6,
    "REPROVADO": 0,
    "NAO_EXERCITADO": 4,
    "INDETERMINADO": 0
  },
  "por_mod": {
    "BetterFont": {
      "OK": 0,
      "REPROVADO": 0,
      "NAO_EXERCITADO": 1,
      "INDETERMINADO": 0
    },
    "BetterCombatText": {
      "OK": 0,
      "REPROVADO": 0,
      "NAO_EXERCITADO": 1,
      "INDETERMINADO": 0
    },
    "BetterStats": {
      "OK": 6,
      "REPROVADO": 0,
      "NAO_EXERCITADO": 1,
      "INDETERMINADO": 0
    },
    "RoguelikeDebugger": {
      "OK": 0,
      "REPROVADO": 0,
      "NAO_EXERCITADO": 1,
      "INDETERMINADO": 0
    }
  },
  "criterios": [
    {
      "id": "AUT-7/BetterFont/suite-ausente",
      "mod": "BetterFont",
      "estado": "NAO_EXERCITADO",
      "classe": "offline",
      "procedencia": "execucao",
      "esperado": "familia de teste puro do mod na suite do projeto (`t_bf_*`)",
      "observado": "nenhum teste do mod na suite",
      "evidencia": [],
      "motivo": "lacuna TECNICA de medicao offline: sem familia de teste puro na suite, a prova deste mod tem de vir de outra via",
      "tarefa_origem": "t_674c5976"
    },
    {
      "id": "AUT-7/BetterCombatText/suite-ausente",
      "mod": "BetterCombatText",
      "estado": "NAO_EXERCITADO",
      "classe": "offline",
      "procedencia": "execucao",
      "esperado": "familia de teste puro do mod na suite do projeto (`t_bct_*`)",
      "observado": "nenhum teste do mod na suite",
      "evidencia": [],
      "motivo": "lacuna TECNICA de medicao offline: sem familia de teste puro na suite, a prova deste mod tem de vir de outra via",
      "tarefa_origem": "t_674c5976"
    },
    {
      "id": "AUT-7/BetterStats/suite-ausente",
      "mod": "BetterStats",
      "estado": "NAO_EXERCITADO",
      "classe": "offline",
      "procedencia": "execucao",
      "esperado": "familia de teste puro do mod na suite do projeto (`t_bs_*`)",
      "observado": "nenhum teste do mod na suite",
      "evidencia": [],
      "motivo": "lacuna TECNICA de medicao offline: sem familia de teste puro na suite, a prova deste mod tem de vir de outra via",
      "tarefa_origem": "t_674c5976"
    },
    {
      "id": "AUT-7/RoguelikeDebugger/suite-ausente",
      "mod": "RoguelikeDebugger",
      "estado": "NAO_EXERCITADO",
      "classe": "offline",
      "procedencia": "execucao",
      "esperado": "familia de teste puro do mod na suite do projeto (`t_debugger_*`)",
      "observado": "nenhum teste do mod na suite",
      "evidencia": [],
      "motivo": "lacuna TECNICA de medicao offline: sem familia de teste puro na suite, a prova deste mod tem de vir de outra via",
      "tarefa_origem": "t_674c5976"
    },
    {
      "id": "AUT-7/BetterStats/estrutural/base-do-savedmap",
      "mod": "BetterStats",
      "estado": "OK",
      "classe": "offline",
      "procedencia": "execucao",
      "esperado": "a base exibida sai do valor PURO do personagem (`character.SavedMap[baseAttr.Guid]`), com fallback declarado para o valor do motor",
      "observado": "estrutura encontrada no fonte",
      "evidencia": [
        {
          "caminho": "C:\\Users\\Pichau\\AppData\\Local\\Temp\\cor-aut7f2-sandbox\\repo\\BetterStats\\Plugin.cs",
          "sha256": "f4e32c436f081477ba82c31b1994fe303a799356e242200004b11c1d62d01765"
        },
        {
          "caminho": "C:\\Users\\Pichau\\AppData\\Local\\Temp\\cor-aut7f2-sandbox\\repo\\f2-evidencias\\suite-puros.json",
          "sha256": "97040dc93769ef95dd38c877d9d2dd30e0476acf8c976c655cfb2856d3cfb15c"
        }
      ],
      "motivo": "recorte estrutural (chaves) do BetterStats/Plugin.cs",
      "tarefa_origem": "t_674c5976"
    },
    {
      "id": "AUT-7/BetterStats/estrutural/final-do-motor",
      "mod": "BetterStats",
      "estado": "OK",
      "classe": "offline",
      "procedencia": "execucao",
      "esperado": "o valor COMBINADO sai da lista FINAL do motor (`LevelableCharacterAttributesFinal` + `character[finalAttrs[i].name]`), com o par base em `LevelableCharacterAttributes`",
      "observado": "estrutura encontrada no fonte",
      "evidencia": [
        {
          "caminho": "C:\\Users\\Pichau\\AppData\\Local\\Temp\\cor-aut7f2-sandbox\\repo\\BetterStats\\Plugin.cs",
          "sha256": "f4e32c436f081477ba82c31b1994fe303a799356e242200004b11c1d62d01765"
        },
        {
          "caminho": "C:\\Users\\Pichau\\AppData\\Local\\Temp\\cor-aut7f2-sandbox\\repo\\f2-evidencias\\suite-puros.json",
          "sha256": "97040dc93769ef95dd38c877d9d2dd30e0476acf8c976c655cfb2856d3cfb15c"
        }
      ],
      "motivo": "recorte estrutural (chaves) do BetterStats/Plugin.cs",
      "tarefa_origem": "t_674c5976"
    },
    {
      "id": "AUT-7/BetterStats/estrutural/sem-gameplay",
      "mod": "BetterStats",
      "estado": "OK",
      "classe": "offline",
      "procedencia": "execucao",
      "esperado": "o mod NAO escreve em atributo/`SavedMap` do personagem (so reescreve o texto exibido)",
      "observado": "estrutura encontrada no fonte",
      "evidencia": [
        {
          "caminho": "C:\\Users\\Pichau\\AppData\\Local\\Temp\\cor-aut7f2-sandbox\\repo\\BetterStats\\Plugin.cs",
          "sha256": "f4e32c436f081477ba82c31b1994fe303a799356e242200004b11c1d62d01765"
        },
        {
          "caminho": "C:\\Users\\Pichau\\AppData\\Local\\Temp\\cor-aut7f2-sandbox\\repo\\f2-evidencias\\suite-puros.json",
          "sha256": "97040dc93769ef95dd38c877d9d2dd30e0476acf8c976c655cfb2856d3cfb15c"
        }
      ],
      "motivo": "recorte estrutural (chaves) do BetterStats/Plugin.cs",
      "tarefa_origem": "t_674c5976"
    },
    {
      "id": "AUT-7/BetterStats/estrutural/geometria-deslocada-uma-vez",
      "mod": "BetterStats",
      "estado": "OK",
      "classe": "offline",
      "procedencia": "execucao",
      "esperado": "a coluna de valores e deslocada UMA vez (guarda `_shiftedValues`); deslocar a cada quadro acumularia e jogaria o texto para fora do painel",
      "observado": "estrutura encontrada no fonte",
      "evidencia": [
        {
          "caminho": "C:\\Users\\Pichau\\AppData\\Local\\Temp\\cor-aut7f2-sandbox\\repo\\BetterStats\\Plugin.cs",
          "sha256": "f4e32c436f081477ba82c31b1994fe303a799356e242200004b11c1d62d01765"
        },
        {
          "caminho": "C:\\Users\\Pichau\\AppData\\Local\\Temp\\cor-aut7f2-sandbox\\repo\\f2-evidencias\\suite-puros.json",
          "sha256": "97040dc93769ef95dd38c877d9d2dd30e0476acf8c976c655cfb2856d3cfb15c"
        }
      ],
      "motivo": "recorte estrutural (chaves) do BetterStats/Plugin.cs",
      "tarefa_origem": "t_674c5976"
    },
    {
      "id": "AUT-7/BetterStats/estrutural/falha-segura",
      "mod": "BetterStats",
      "estado": "OK",
      "classe": "offline",
      "procedencia": "execucao",
      "esperado": "os dois ganchos sao try/catch e guardam nulo (personagem, holder, StatValues): o diagnostico nunca derruba a UI",
      "observado": "estrutura encontrada no fonte",
      "evidencia": [
        {
          "caminho": "C:\\Users\\Pichau\\AppData\\Local\\Temp\\cor-aut7f2-sandbox\\repo\\BetterStats\\Plugin.cs",
          "sha256": "f4e32c436f081477ba82c31b1994fe303a799356e242200004b11c1d62d01765"
        },
        {
          "caminho": "C:\\Users\\Pichau\\AppData\\Local\\Temp\\cor-aut7f2-sandbox\\repo\\f2-evidencias\\suite-puros.json",
          "sha256": "97040dc93769ef95dd38c877d9d2dd30e0476acf8c976c655cfb2856d3cfb15c"
        }
      ],
      "motivo": "recorte estrutural (chaves) do BetterStats/Plugin.cs",
      "tarefa_origem": "t_674c5976"
    },
    {
      "id": "AUT-7/BetterStats/estrutural/formato-base-combinado",
      "mod": "BetterStats",
      "estado": "OK",
      "classe": "offline",
      "procedencia": "execucao",
      "esperado": "base == combinado mostra SO o base (sem `10 (10)`) e o parentese encolhe pela tag `<size=` do TMP quando o quadrado e estreito",
      "observado": "estrutura encontrada no fonte",
      "evidencia": [
        {
          "caminho": "C:\\Users\\Pichau\\AppData\\Local\\Temp\\cor-aut7f2-sandbox\\repo\\BetterStats\\Plugin.cs",
          "sha256": "f4e32c436f081477ba82c31b1994fe303a799356e242200004b11c1d62d01765"
        },
        {
          "caminho": "C:\\Users\\Pichau\\AppData\\Local\\Temp\\cor-aut7f2-sandbox\\repo\\f2-evidencias\\suite-puros.json",
          "sha256": "97040dc93769ef95dd38c877d9d2dd30e0476acf8c976c655cfb2856d3cfb15c"
        }
      ],
      "motivo": "recorte estrutural (chaves) do BetterStats/Plugin.cs",
      "tarefa_origem": "t_674c5976"
    }
  ],
  "medicao": {
    "esquema": "AUT-7/estilo/1",
    "tarefa": "t_674c5976",
    "repo": "C:\\Users\\Pichau\\AppData\\Local\\Temp\\cor-aut7f2-sandbox\\repo",
    "out_dir": "C:\\Users\\Pichau\\AppData\\Local\\Temp\\cor-aut7f2-sandbox\\repo\\f2-evidencias",
    "suites": {
      "puros": {
        "arquivo": "C:\\Users\\Pichau\\AppData\\Local\\Temp\\cor-aut7f2-sandbox\\repo\\f2-evidencias\\suite-puros.json",
        "exit_runner": null,
        "erro": "cache ausente/obsoleto: rerodar suite",
        "contagem": null,
        "sha256": "97040dc93769ef95dd38c877d9d2dd30e0476acf8c976c655cfb2856d3cfb15c"
      },
      "contra_prova": {
        "arquivo": "C:\\Users\\Pichau\\AppData\\Local\\Temp\\cor-aut7f2-sandbox\\repo\\f2-evidencias\\suite-contra-prova.json",
        "exit_runner": null,
        "erro": "cache ausente/obsoleto: rerodar suite",
        "contagem": null,
        "sha256": "da470633273bade97445f5a574303b41c613b074ec0af6f30508e488b6b0ab3c"
      }
    },
    "fontes": {
      "BetterFont": [
        {
          "rel": "BetterFont/Plugin.cs",
          "caminho": "C:\\Users\\Pichau\\AppData\\Local\\Temp\\cor-aut7f2-sandbox\\repo\\BetterFont\\Plugin.cs",
          "sha256": "61d0d752f059d92a0fdb9047dbe9124de2c5a523867ed396a15de3dd962a1b31"
        }
      ],
      "BetterCombatText": [
        {
          "rel": "BetterCombatText/Plugin.cs",
          "caminho": "C:\\Users\\Pichau\\AppData\\Local\\Temp\\cor-aut7f2-sandbox\\repo\\BetterCombatText\\Plugin.cs",
          "sha256": "77a5f63eeadeb98c17b2c592d9390a44c88a5131dd2e8bbc8856021747cba6af"
        },
        {
          "rel": "BetterCombatText/TextStyler.cs",
          "caminho": "C:\\Users\\Pichau\\AppData\\Local\\Temp\\cor-aut7f2-sandbox\\repo\\BetterCombatText\\TextStyler.cs",
          "sha256": "0b5a0742e0cd92e84727583852afd6ddf9e7a1c52368c35137f838a13e325b6b"
        },
        {
          "rel": "BetterCombatText/Configuracao.cs",
          "caminho": "C:\\Users\\Pichau\\AppData\\Local\\Temp\\cor-aut7f2-sandbox\\repo\\BetterCombatText\\Configuracao.cs",
          "sha256": "d9cef26eca89fd4e8b16add176e5d598ab088e801bd92624856a876f352b5bd9"
        },
        {
          "rel": "BetterCombatText/Patches.cs",
          "caminho": "C:\\Users\\Pichau\\AppData\\Local\\Temp\\cor-aut7f2-sandbox\\repo\\BetterCombatText\\Patches.cs",
          "sha256": "c66eb24fced182c6fcbb71e812735e611675207f4b6c96ec8e832c4fef6df18b"
        }
      ],
      "BetterStats": [
        {
          "rel": "BetterStats/Plugin.cs",
          "caminho": "C:\\Users\\Pichau\\AppData\\Local\\Temp\\cor-aut7f2-sandbox\\repo\\BetterStats\\Plugin.cs",
          "sha256": "f4e32c436f081477ba82c31b1994fe303a799356e242200004b11c1d62d01765"
        }
      ],
      "RoguelikeDebugger": [
        {
          "rel": "RoguelikeDebugger/EfeitosInfo.cs",
          "caminho": "C:\\Users\\Pichau\\AppData\\Local\\Temp\\cor-aut7f2-sandbox\\repo\\RoguelikeDebugger\\EfeitosInfo.cs",
          "sha256": "69ffbf2ccaae4471e0ba882b494a6e512e8c2fec9a3aa0bc226b83e2e45a450b"
        },
        {
          "rel": "RoguelikeDebugger/Patches/SkillInventoryPatch.cs",
          "caminho": "C:\\Users\\Pichau\\AppData\\Local\\Temp\\cor-aut7f2-sandbox\\repo\\RoguelikeDebugger\\Patches\\SkillInventoryPatch.cs",
          "sha256": "629d1d1f07e697996da020fa0a9f6c30b7cc592b01a48c83f53bf406ff6e02b1"
        },
        {
          "rel": "RoguelikeDebugger/Patches/ActionStatusInventoryPatch.cs",
          "caminho": "C:\\Users\\Pichau\\AppData\\Local\\Temp\\cor-aut7f2-sandbox\\repo\\RoguelikeDebugger\\Patches\\ActionStatusInventoryPatch.cs",
          "sha256": "77748b53441feecdf8c92310867e0f3d0953d67519b939ebc44190f0d598e140"
        }
      ]
    },
    "mods": [
      "BetterFont",
      "BetterCombatText",
      "BetterStats",
      "RoguelikeDebugger"
    ],
    "identidade": {
      "fonte_sha": "ffffffffffffffffffffffffffffffffffffffffffffffffffffffffffffffff",
      "dll_sha": "dddddddddddddddddddddddddddddddddddddddddddddddddddddddddddddddd"
    },
    "fotografia": {
      "raizes": [
        "BetterFont",
        "BetterCombatText",
        "BetterStats",
        "RoguelikeDebugger",
        "BetterTooltips",
        "RoguelikeSkillTreeVisualizer",
        "tools",
        "lib",
        "docs/cobertura",
        "ReloadProbe",
        "scratch"
      ],
      "arquivos_soltos": [
        "docs/PLANO-DE-TESTES.md"
      ],
      "padroes": [
        "**/*.csproj",
        "**/*.props",
        "**/*.targets"
      ],
      "fora": [
        ".git",
        ".worktrees",
        "bin",
        "obj",
        "__pycache__",
        "node_modules",
        ".vs"
      ],
      "arquivos": 3614,
      "artefatos": 33,
      "o_que_fica_fora": "`bin`/`obj`/`__pycache__` (DERIVADOS: o bytecode e escrito pela propria rodada); `dist/*.zip` e `<Mod>/bin/**/*.dll` nao ficam de fora - entram no bloco `artefatos`; `docs/automacao/**`, `release/` e `NuGet/` sao SAIDA de ferramenta/build, nao entrada de teste",
      "como_foi_medida": "gancho de auditoria (`sys.addaudithook` em open/listdir/scandir/glob) sobre a rodada viva das duas suites: todo arquivo lido sob o repo esta coberto por estas raizes/padroes/artefatos (fora `__pycache__`)"
    },
    "cache_valido": false,
    "betterstats": {
      "fonte": "BetterStats/Plugin.cs",
      "checks": [
        {
          "id": "base-do-savedmap",
          "ok": true
        },
        {
          "id": "final-do-motor",
          "ok": true
        },
        {
          "id": "sem-gameplay",
          "ok": true
        },
        {
          "id": "geometria-deslocada-uma-vez",
          "ok": true
        },
        {
          "id": "falha-segura",
          "ok": true
        },
        {
          "id": "formato-base-combinado",
          "ok": true
        }
      ]
    },
    "testes_por_mod": {},
    "iscas_por_mod": {}
  }
}
